// Jest Snapshot v1, https://goo.gl/fbAQLP

exports[`matches snapshot 1`] = `
<DocumentFragment>
  <form>
    <label
      for="todo"
    >
      Todo:
    </label>
    <input
      id="todo"
      name="todo"
      value=""
    />
    <button>
      Add
    </button>
  </form>
</DocumentFragment>
`;
